// Jest Snapshot v1, https://goo.gl/fbAQLP

exports[`should render ExpenseTotal with 1 value 1`] = `
<div>
  <h1>
    Expense Total: 
    $1,021.03
  </h1>
  <p>
    Total Count: 
    5
  </p>
</div>
`;
